width:34
height:35
spawntile:4,4
define B BlankTile
define # BrickWall
dwalkable F RockTile
dwalkable U TileDarkUp
addentity 1, dammahclone, 280,280,1050
startmap
####BBBBBBBBBBBBBBBBBBBBBBBBBB#### 
###BFFFFFFFFFFFFFFFFFFFFFFFFFFB###
##BFFFFFFFFFFFFFFFFFFFFFFFFFFFFB##
#BFFFFFFFFFFFFFFFFFFFFFFFFFFFFFFB#
BFFFFFFFFFFFFFFFFFFFFFFFFFFFFFFFFB
BFFFFFFFFFFFFFFFFFFFFFFFFFFFFFFFFB
BFFFFFFFFFFFFFFFFFFFFFFFFFFFFFFFFB
BFFFFFFFFFFFFFFFFFFFFFFFFFFFFFFFFB
BFFFFFFFFFFFFFFFFFFFFFFFFFFFFFFFFB
BFFFFFFFFFFFFFFFFFFFFFFFFFFFFFFFFB
BFFFFFFFFFFFFFFFFFFFFFFFFFFFFFFFFB
BFFFFFFFFFFFFFFFFFFFFFFFFFFFFFFFFB
BFFFFFFFFFFFFFFFFFFFFFFFFFFFFFFFFB
BFFFFFFFFFFFFFFFFFFFFFFFFFFFFFFFFB
BFFFFFFFFFFFFFFFFFFFFFFFFFFFFFFFFB
BFFFFFFFFFFFFFFFFFFFFFFFFFFFFFFFFB
BFFFFFFFFFFFFFFFFFFFFFFFFFFFFFFFFB
BFFFFFFFFFFFFFFFFFFFFFFFFFFFFFFFFB
BFFFFFFFFFFFFFFFFFFFFFFFFFFFFFFFFB
BFFFFFFFFFFFFFFFFFFFFFFFFFFFFFFFFB
BFFFFFFFFFFFFFFFFFFFFFFFFFFFFFFFFB
BFFFFFFFFFFFFFFFFFFFFFFFFFFFFFFFFB
BFFFFFFFFFFFFFFFFFFFFFFFFFFFFFFFFB
BFFFFFFFFFFFFFFFFFFFFFFFFFFFFFFFFB
BFFFFFFFFFFFFFFFFFFFFFFFFFFFFFFFFB
BFFFFFFFFFFFFFFFFFFFFFFFFFFFFFFFFB
BFFFFFFFFFFFFFFFFFFFFFFFFFFFFFFFFB
BFFFFFFFFFFFFFFFFFFFFFFFFFFFFFFFFB
BFFFFFFFFFFFFFFFFFFFFFFFFFFFFFFFFB
BFFFFFFFFFFFFFFFFFFFFFFFFFFFFFFFFB
BFFFFFFFFFFFFFFFFFFFFFFFFFFFFFFFFB
#BFFFFFFFFFFFFFFFFFFFFFFFFFFFFFFB#
##BFFFFFFFFFFFFFFFFFFFFFFFFFFFFB##
###BFFFFFFFFFFFFFFFFFFFFFFFFFFB###
####BBBBBBBBBBBBBBBBBBBBBBBBBB#### 
endmap